C51 COMPILER V9.52.0.0   OLED                                                              05/11/2026 15:49:25 PAGE 1   


C51 COMPILER V9.52.0.0, COMPILATION OF MODULE OLED
OBJECT MODULE PLACED IN .\Objects\oled.obj
COMPILER INVOKED BY: D:\51_KELIVdanpianji\C51\BIN\C51.EXE OLED\oled.c BROWSE INCDIR(.\lib;.\IIC;.\OLED) DEBUG OBJECTEXTE
                    -ND PRINT(.\Listings\oled.lst) TABS(2) OBJECT(.\Objects\oled.obj)

line level    source

   1          #include "oled.h"
   2          #include "oledfont.h"    
   3          #include <IIC.h>
   4          
   5          //OLED的显存
   6          //存放格式如下.
   7          //[0]0 1 2 3 ... 127  
   8          //[1]0 1 2 3 ... 127  
   9          //[2]0 1 2 3 ... 127  
  10          //[3]0 1 2 3 ... 127  
  11          //[4]0 1 2 3 ... 127  
  12          //[5]0 1 2 3 ... 127  
  13          //[6]0 1 2 3 ... 127  
  14          //[7]0 1 2 3 ... 127         
  15          void delay_ms(unsigned int ms)
  16          {                         
  17   1        unsigned int a;
  18   1        while(ms)
  19   1        {
  20   2          a=1800;
  21   2          while(a--);
  22   2          ms--;
  23   2        }
  24   1        return;
  25   1      }
  26          
  27          
  28          /**********************************************
  29          // IIC Write Command
  30          **********************************************/
  31          void Write_IIC_Command(unsigned char IIC_Command)
  32          {
  33   1        IIC_Start();
  34   1        IIC_Send_byte(0x78);      //Slave address,SA0=0
  35   1        IIC_Recv_ACK(); 
  36   1        IIC_Send_byte(0x00);      //write command
  37   1        IIC_Recv_ACK(); 
  38   1        IIC_Send_byte(IIC_Command); 
  39   1        IIC_Recv_ACK(); 
  40   1        IIC_Stop();
  41   1      }
  42          /**********************************************
  43          // IIC Write Data
  44          **********************************************/
  45          void Write_IIC_Data(unsigned char IIC_Data)
  46          {
  47   1        IIC_Start();
  48   1        IIC_Send_byte(0x78);      //D/C#=0; R/W#=0
  49   1        IIC_Recv_ACK(); 
  50   1        IIC_Send_byte(0x40);      //write data
  51   1        IIC_Recv_ACK(); 
  52   1        IIC_Send_byte(IIC_Data);
  53   1        IIC_Recv_ACK(); 
  54   1        IIC_Stop();
C51 COMPILER V9.52.0.0   OLED                                                              05/11/2026 15:49:25 PAGE 2   

  55   1      }
  56          
  57          void OLED_WR_Byte(unsigned dat,unsigned cmd)
  58          {
  59   1        if(cmd)
  60   1        {
  61   2          Write_IIC_Data(dat);  
  62   2        }
  63   1        else
  64   1        {
  65   2          Write_IIC_Command(dat);   
  66   2        }
  67   1      }
  68          
  69          /********************************************
  70          // fill_Picture
  71          ********************************************/
  72          void fill_picture(unsigned char fill_Data)
  73          {
  74   1        unsigned char m,n;
  75   1        for(m=0;m<8;m++)
  76   1        {
  77   2          OLED_WR_Byte(0xb0+m,0);   //page0-page1
  78   2          OLED_WR_Byte(0x00,0);   //low column start address
  79   2          OLED_WR_Byte(0x10,0);   //high column start address
  80   2          for(n=0;n<128;n++)
  81   2          {
  82   3            OLED_WR_Byte(fill_Data,1);
  83   3          }
  84   2        }
  85   1      }
  86          
  87          
  88          /***********************Delay****************************************/
  89          void Delay_50ms(unsigned int Del_50ms)
  90          {
  91   1        unsigned int m;
  92   1        for(;Del_50ms>0;Del_50ms--)
  93   1          for(m=6245;m>0;m--);
  94   1      }
  95          
  96          void Delay_1ms(unsigned int Del_1ms)
  97          {
  98   1        unsigned char j;
  99   1        while(Del_1ms--)
 100   1        { 
 101   2          for(j=0;j<123;j++);
 102   2        }
 103   1      }
 104          
 105          //坐标设置
 106            void OLED_Set_Pos(unsigned char x, unsigned char y) 
 107          { 
 108   1        OLED_WR_Byte(0xb0+y,OLED_CMD);
 109   1        OLED_WR_Byte(((x&0xf0)>>4)|0x10,OLED_CMD);
 110   1        OLED_WR_Byte((x&0x0f),OLED_CMD); 
 111   1      }       
 112          //开启OLED显示    
 113          void OLED_Display_On(void)
 114          {
 115   1        OLED_WR_Byte(0X8D,OLED_CMD);  //SET DCDC命令
 116   1        OLED_WR_Byte(0X14,OLED_CMD);  //DCDC ON
C51 COMPILER V9.52.0.0   OLED                                                              05/11/2026 15:49:25 PAGE 3   

 117   1        OLED_WR_Byte(0XAF,OLED_CMD);  //DISPLAY ON
 118   1      }
 119          //关闭OLED显示     
 120          void OLED_Display_Off(void)
 121          {
 122   1        OLED_WR_Byte(0X8D,OLED_CMD);  //SET DCDC命令
 123   1        OLED_WR_Byte(0X10,OLED_CMD);  //DCDC OFF
 124   1        OLED_WR_Byte(0XAE,OLED_CMD);  //DISPLAY OFF
 125   1      }            
 126          //清屏函数,清完屏,整个屏幕是黑色的!和没点亮一样!!!    
 127          void OLED_Clear(void)  
 128          {  
 129   1        u8 i,n;       
 130   1        for(i=0;i<8;i++)  
 131   1        {  
 132   2          OLED_WR_Byte (0xb0+i,OLED_CMD);    //设置页地址（0~7）
 133   2          OLED_WR_Byte (0x00,OLED_CMD);      //设置显示位置—列低地址
 134   2          OLED_WR_Byte (0x10,OLED_CMD);      //设置显示位置—列高地址   
 135   2          for(n=0;n<128;n++)
 136   2            OLED_WR_Byte(0,OLED_DATA); 
 137   2        } //更新显示
 138   1      }
 139          void OLED_On(void)  
 140          {  
 141   1        u8 i,n;       
 142   1        for(i=0;i<8;i++)  
 143   1        {  
 144   2          OLED_WR_Byte (0xb0+i,OLED_CMD);    //设置页地址（0~7）
 145   2          OLED_WR_Byte (0x00,OLED_CMD);      //设置显示位置—列低地址
 146   2          OLED_WR_Byte (0x10,OLED_CMD);      //设置显示位置—列高地址   
 147   2          for(n=0;n<128;n++)
 148   2           OLED_WR_Byte(1,OLED_DATA); 
 149   2        } //更新显示
 150   1      }
 151          //在指定位置显示一个字符,包括部分字符
 152          //x:0~127
 153          //y:0~63
 154          //mode:0,反白显示;1,正常显示         
 155          //size:选择字体 16/12 
 156          void OLED_ShowChar(u8 x,u8 y,u8 chr,u8 Char_Size)
 157          {       
 158   1        unsigned char c=0,i=0;  
 159   1        c=chr-' ';//得到偏移后的值      
 160   1        if(x>Max_Column-1)
 161   1        {
 162   2          x=0;
 163   2          y=y+2;
 164   2        }
 165   1        if(Char_Size ==16)
 166   1        {
 167   2          OLED_Set_Pos(x,y);  
 168   2          for(i=0;i<8;i++)
 169   2          OLED_WR_Byte(F8X16[c*16+i],OLED_DATA);
 170   2          OLED_Set_Pos(x,y+1);
 171   2          for(i=0;i<8;i++)
 172   2          OLED_WR_Byte(F8X16[c*16+i+8],OLED_DATA);
 173   2        }
 174   1        else 
 175   1        { 
 176   2          OLED_Set_Pos(x,y);
 177   2          for(i=0;i<6;i++)
 178   2          OLED_WR_Byte(F6x8[c][i],OLED_DATA);     
C51 COMPILER V9.52.0.0   OLED                                                              05/11/2026 15:49:25 PAGE 4   

 179   2        }
 180   1      }
 181          //m^n函数
 182          u32 oled_pow(u8 m,u8 n)
 183          {
 184   1        u32 result=1;  
 185   1        while(n--)
 186   1        {
 187   2          result*=m;
 188   2        }    
 189   1        return result;
 190   1      }         
 191          //显示2个数字
 192          //x,y :起点坐标  
 193          //len :数字的位数
 194          //size:字体大小
 195          //mode:模式 0,填充模式;1,叠加模式
 196          //num:数值(0~4294967295);       
 197          void OLED_ShowNum(u8 x,u8 y,u32 num,u8 len,u8 size2)
 198          {           
 199   1        u8 t,temp;
 200   1        u8 enshow=0;               
 201   1        for(t=0;t<len;t++)
 202   1        {
 203   2          temp=(num/oled_pow(10,len-t-1))%10;
 204   2          if(enshow==0&&t<(len-1))
 205   2          {
 206   3            if(temp==0)
 207   3            {
 208   4              OLED_ShowChar(x+(size2/2)*t,y,' ',size2);
 209   4              continue;
 210   4            }
 211   3            else 
 212   3              enshow=1;        
 213   3          }
 214   2          OLED_ShowChar(x+(size2/2)*t,y,temp+'0',size2); 
 215   2        }
 216   1      } 
 217          //显示一个字符号串
 218          void OLED_ShowString(u8 x,u8 y,u8 *chr,u8 Char_Size)
 219          {
 220   1        unsigned char j=0;
 221   1        while (chr[j]!='\0')
 222   1        {   
 223   2          OLED_ShowChar(x,y,chr[j],Char_Size);
 224   2          x+=8;
 225   2          if(x>120){x=0;y+=2;}
 226   2           j++;
 227   2        }
 228   1      }
 229          //显示汉字
 230          void OLED_ShowCHinese(u8 x,u8 y,u8 no)
 231          {               
 232   1        u8 t,adder=0;
 233   1        OLED_Set_Pos(x,y);  
 234   1        for(t=0;t<16;t++)
 235   1        {
 236   2          OLED_WR_Byte(Hzk[2*no][t],OLED_DATA);
 237   2          adder+=1;
 238   2        } 
 239   1        OLED_Set_Pos(x,y+1);  
 240   1        for(t=0;t<16;t++)
C51 COMPILER V9.52.0.0   OLED                                                              05/11/2026 15:49:25 PAGE 5   

 241   1        { 
 242   2          OLED_WR_Byte(Hzk[2*no+1][t],OLED_DATA);
 243   2          adder+=1;
 244   2        }         
 245   1      }
 246          /***********功能描述：显示显示BMP图片128×64起始点坐标(x,y),x的范围0～127，y为页的范围0～7****************
             -*/
 247          void OLED_DrawBMP(unsigned char x0, unsigned char y0,unsigned char x1, unsigned char y1,unsigned char BMP[
             -])
 248          {   
 249   1       unsigned int j=0;
 250   1       unsigned char x,y;
 251   1        
 252   1        if(y1%8==0)
 253   1          y=y1/8;      
 254   1        else 
 255   1          y=y1/8+1;
 256   1        for(y=y0;y<y1;y++)
 257   1        {
 258   2          OLED_Set_Pos(x0,y);
 259   2          for(x=x0;x<x1;x++)
 260   2          {      
 261   3            OLED_WR_Byte(BMP[j++],OLED_DATA);       
 262   3          }
 263   2        }
 264   1      } 
 265          
 266          //初始化SSD1306             
 267          void OLED_Init(void)
 268          {   
 269   1       
 270   1        OLED_WR_Byte(0xAE,OLED_CMD);//--display off
 271   1        OLED_WR_Byte(0x00,OLED_CMD);//---set low column address
 272   1        OLED_WR_Byte(0x10,OLED_CMD);//---set high column address
 273   1        OLED_WR_Byte(0x40,OLED_CMD);//--set start line address  
 274   1        OLED_WR_Byte(0xB0,OLED_CMD);//--set page address
 275   1        OLED_WR_Byte(0x81,OLED_CMD); // contract control
 276   1        OLED_WR_Byte(0xFF,OLED_CMD);//--128   
 277   1        OLED_WR_Byte(0xA1,OLED_CMD);//set segment remap 
 278   1        OLED_WR_Byte(0xA6,OLED_CMD);//--normal / reverse
 279   1        OLED_WR_Byte(0xA8,OLED_CMD);//--set multiplex ratio(1 to 64)
 280   1        OLED_WR_Byte(0x3F,OLED_CMD);//--1/32 duty
 281   1        OLED_WR_Byte(0xC8,OLED_CMD);//Com scan direction
 282   1        OLED_WR_Byte(0xD3,OLED_CMD);//-set display offset
 283   1        OLED_WR_Byte(0x00,OLED_CMD);//
 284   1        
 285   1        OLED_WR_Byte(0xD5,OLED_CMD);//set osc division
 286   1        OLED_WR_Byte(0x80,OLED_CMD);//
 287   1        
 288   1        OLED_WR_Byte(0xD8,OLED_CMD);//set area color mode off
 289   1        OLED_WR_Byte(0x05,OLED_CMD);//
 290   1        
 291   1        OLED_WR_Byte(0xD9,OLED_CMD);//Set Pre-Charge Period
 292   1        OLED_WR_Byte(0xF1,OLED_CMD);//
 293   1        
 294   1        OLED_WR_Byte(0xDA,OLED_CMD);//set com pin configuartion
 295   1        OLED_WR_Byte(0x12,OLED_CMD);//
 296   1        
 297   1        OLED_WR_Byte(0xDB,OLED_CMD);//set Vcomh
 298   1        OLED_WR_Byte(0x30,OLED_CMD);//
 299   1        
 300   1        OLED_WR_Byte(0x8D,OLED_CMD);//set charge pump enable
C51 COMPILER V9.52.0.0   OLED                                                              05/11/2026 15:49:25 PAGE 6   

 301   1        OLED_WR_Byte(0x14,OLED_CMD);//
 302   1        
 303   1        OLED_WR_Byte(0xAF,OLED_CMD);//--turn on oled panel
 304   1      }  
 305          
 306          
 307          
 308          
 309          
 310          
 311          
 312          
 313          
 314          
 315          
 316          
 317          
 318          
 319          
 320          
 321          
 322          
 323          
 324          
 325          
 326          
 327          
 328          
 329          
 330          
 331          
 332          
 333          


MODULE INFORMATION:   STATIC OVERLAYABLE
   CODE SIZE        =   1329    ----
   CONSTANT SIZE    =   2520    ----
   XDATA SIZE       =   ----    ----
   PDATA SIZE       =   ----    ----
   DATA SIZE        =   ----      51
   IDATA SIZE       =   ----    ----
   BIT SIZE         =   ----    ----
END OF MODULE INFORMATION.


C51 COMPILATION COMPLETE.  0 WARNING(S),  0 ERROR(S)
